// Jest Snapshot v1, https://goo.gl/fbAQLP

exports[`Jest snapshot to test components Matches DOM snapshot 1`] = `
<div
  style={
    Object {
      "alignItems": "center",
      "display": "flex",
      "justifyContent": "center",
    }
  }
>
  <div
    dangerouslySetInnerHTML={
      Object {
        "__html": "<svg xmlns=\\"http://www.w3.org/2000/svg\\" viewBox=\\"0 0 32 32\\">
  <circle transform=\\"translate(8 0)\\" cx=\\"0\\" cy=\\"16\\" r=\\"0\\"> 
    <animate attributeName=\\"r\\" values=\\"0; 4; 0; 0\\" dur=\\"1.2s\\" repeatCount=\\"indefinite\\" begin=\\"0\\"
      keytimes=\\"0;0.2;0.7;1\\" keySplines=\\"0.2 0.2 0.4 0.8;0.2 0.6 0.4 0.8;0.2 0.6 0.4 0.8\\" calcMode=\\"spline\\" />
  </circle>
  <circle transform=\\"translate(16 0)\\" cx=\\"0\\" cy=\\"16\\" r=\\"0\\"> 
    <animate attributeName=\\"r\\" values=\\"0; 4; 0; 0\\" dur=\\"1.2s\\" repeatCount=\\"indefinite\\" begin=\\"0.3\\"
      keytimes=\\"0;0.2;0.7;1\\" keySplines=\\"0.2 0.2 0.4 0.8;0.2 0.6 0.4 0.8;0.2 0.6 0.4 0.8\\" calcMode=\\"spline\\" />
  </circle>
  <circle transform=\\"translate(24 0)\\" cx=\\"0\\" cy=\\"16\\" r=\\"0\\"> 
    <animate attributeName=\\"r\\" values=\\"0; 4; 0; 0\\" dur=\\"1.2s\\" repeatCount=\\"indefinite\\" begin=\\"0.6\\"
      keytimes=\\"0;0.2;0.7;1\\" keySplines=\\"0.2 0.2 0.4 0.8;0.2 0.6 0.4 0.8;0.2 0.6 0.4 0.8\\" calcMode=\\"spline\\" />
  </circle>
</svg>
",
      }
    }
    style={
      Object {
        "fill": "#4369b2",
        "height": 667,
        "width": 375,
      }
    }
  />
</div>
`;
